slurmstepd: info: Setting TMPDIR to /scratch/10062613. Previous errors about TMPDIR can be discarded
2026-09-28 18:32:26.362758: I tensorflow/core/platform/cpu_feature_guard.cc:193] This TensorFlow binary is optimized with oneAPI Deep Neural Network Library (oneDNN) to use the following CPU instructions in performance-critical operations:  AVX2 AVX512F AVX512_VNNI FMA
To enable them in other operations, rebuild TensorFlow with the appropriate compiler flags.
2026-09-28 18:32:28.026438: I tensorflow/core/util/port.cc:104] oneDNN custom operations are on. You may see slightly different numerical results due to floating-point round-off errors from different computation orders. To turn them off, set the environment variable `TF_ENABLE_ONEDNN_OPTS=0`.
2026-09-28 18:32:32.970018: W tensorflow/compiler/xla/stream_executor/platform/default/dso_loader.cc:64] Could not load dynamic library 'libnvinfer.so.7'; dlerror: libnvinfer.so.7: cannot open shared object file: No such file or directory; LD_LIBRARY_PATH: /opt/cesga/2020/software/Compiler/intel/2021.3.0/impi/2021.3.0/mpi/2021.3.0/libfabric/lib:/opt/cesga/2020/software/Compiler/intel/2021.3.0/impi/2021.3.0/mpi/latest/libfabric/lib:/opt/cesga/2020/software/Compiler/intel/2021.3.0/impi/2021.3.0/mpi/latest/lib/release:/opt/cesga/2020/software/Compiler/intel/2021.3.0/impi/2021.3.0/mpi/latest/lib:/opt/cesga/2020/software/Compiler/gcccore/system/ucx/1.11.2/lib:/opt/cesga/2020/software/Core/intel/2021.3.0/tbb/2021.3.0/lib/intel64/gcc4.8:/opt/cesga/2020/software/Core/intel/2021.3.0/compiler/2021.3.0/linux/lib/emu:/opt/cesga/2020/software/Core/intel/2021.3.0/compiler/2021.3.0/linux/lib/x64:/opt/cesga/2020/software/Core/intel/2021.3.0/compiler/2021.3.0/linux/compiler/lib/intel64_lin:/opt/cesga/2020/software/Core/intel/2021.3.0/compiler/2021.3.0/linux/lib:/mnt/netapp1/Optcesga_FT2_RHEL7/2020/gentoo/22072020/usr/gr/lib64
2026-09-28 18:32:32.971935: W tensorflow/compiler/xla/stream_executor/platform/default/dso_loader.cc:64] Could not load dynamic library 'libnvinfer_plugin.so.7'; dlerror: libnvinfer_plugin.so.7: cannot open shared object file: No such file or directory; LD_LIBRARY_PATH: /opt/cesga/2020/software/Compiler/intel/2021.3.0/impi/2021.3.0/mpi/2021.3.0/libfabric/lib:/opt/cesga/2020/software/Compiler/intel/2021.3.0/impi/2021.3.0/mpi/latest/libfabric/lib:/opt/cesga/2020/software/Compiler/intel/2021.3.0/impi/2021.3.0/mpi/latest/lib/release:/opt/cesga/2020/software/Compiler/intel/2021.3.0/impi/2021.3.0/mpi/latest/lib:/opt/cesga/2020/software/Compiler/gcccore/system/ucx/1.11.2/lib:/opt/cesga/2020/software/Core/intel/2021.3.0/tbb/2021.3.0/lib/intel64/gcc4.8:/opt/cesga/2020/software/Core/intel/2021.3.0/compiler/2021.3.0/linux/lib/emu:/opt/cesga/2020/software/Core/intel/2021.3.0/compiler/2021.3.0/linux/lib/x64:/opt/cesga/2020/software/Core/intel/2021.3.0/compiler/2021.3.0/linux/compiler/lib/intel64_lin:/opt/cesga/2020/software/Core/intel/2021.3.0/compiler/2021.3.0/linux/lib:/mnt/netapp1/Optcesga_FT2_RHEL7/2020/gentoo/22072020/usr/gr/lib64
2026-09-28 18:32:32.971947: W tensorflow/compiler/tf2tensorrt/utils/py_utils.cc:38] TF-TRT Warning: Cannot dlopen some TensorRT libraries. If you would like to use Nvidia GPU with TensorRT, please make sure the missing libraries mentioned above are installed properly.
09/28/2026 18:32:38 - WARNING - __main__ - Process rank: 0, device: cuda:0, n_gpu: 1distributed training: True, 16-bits training: False
09/28/2026 18:32:38 - INFO - __main__ - Training/evaluation parameters TrainingArguments(
_n_gpu=1,
adafactor=False,
adam_beta1=0.9,
adam_beta2=0.999,
adam_epsilon=1e-08,
auto_find_batch_size=False,
bf16=False,
bf16_full_eval=False,
data_seed=None,
dataloader_drop_last=False,
dataloader_num_workers=0,
dataloader_pin_memory=True,
ddp_backend=None,
ddp_bucket_cap_mb=None,
ddp_find_unused_parameters=None,
ddp_timeout=1800,
debug=[],
deepspeed=None,
disable_tqdm=True,
do_eval=True,
do_predict=False,
do_train=True,
eval_accumulation_steps=None,
eval_delay=0,
eval_steps=None,
evaluation_strategy=no,
fp16=False,
fp16_backend=auto,
fp16_full_eval=False,
fp16_opt_level=O1,
fsdp=[],
fsdp_config={'fsdp_min_num_params': 0, 'xla': False, 'xla_fsdp_grad_ckpt': False},
fsdp_min_num_params=0,
fsdp_transformer_layer_cls_to_wrap=None,
full_determinism=False,
gradient_accumulation_steps=1,
gradient_checkpointing=False,
greater_is_better=None,
group_by_length=False,
half_precision_backend=auto,
hub_model_id=None,
hub_private_repo=False,
hub_strategy=every_save,
hub_token=<HUB_TOKEN>,
ignore_data_skip=False,
include_inputs_for_metrics=False,
jit_mode_eval=False,
label_names=None,
label_smoothing_factor=0.0,
learning_rate=3e-05,
length_column_name=length,
load_best_model_at_end=False,
local_rank=0,
log_level=passive,
log_level_replica=warning,
log_on_each_node=True,
logging_dir=/mnt/lustre/scratch/nvme/SLURM/10062613/bert_squad_logs,
logging_first_step=False,
logging_nan_inf_filter=True,
logging_steps=100,
logging_strategy=steps,
lr_scheduler_type=linear,
max_grad_norm=1.0,
max_steps=-1,
metric_for_best_model=None,
mp_parameters=,
no_cuda=False,
num_train_epochs=2.0,
optim=adamw_hf,
optim_args=None,
output_dir=/mnt/lustre/scratch/nvme/SLURM/10062613/bert_squad_output,
overwrite_output_dir=False,
past_index=-1,
per_device_eval_batch_size=8,
per_device_train_batch_size=12,
prediction_loss_only=False,
push_to_hub=False,
push_to_hub_model_id=None,
push_to_hub_organization=None,
push_to_hub_token=<PUSH_TO_HUB_TOKEN>,
ray_scope=last,
remove_unused_columns=True,
report_to=['tensorboard'],
resume_from_checkpoint=None,
run_name=/mnt/lustre/scratch/nvme/SLURM/10062613/bert_squad_output,
save_on_each_node=False,
save_safetensors=False,
save_steps=500,
save_strategy=steps,
save_total_limit=None,
seed=42,
sharded_ddp=[],
skip_memory_metrics=True,
tf32=None,
torch_compile=False,
torch_compile_backend=None,
torch_compile_mode=None,
torchdynamo=None,
tpu_metrics_debug=False,
tpu_num_cores=None,
use_ipex=False,
use_legacy_prediction_loop=False,
use_mps_device=False,
warmup_ratio=0.0,
warmup_steps=0,
weight_decay=0.0,
xpu_backend=None,
)
09/28/2026 18:32:40 - INFO - datasets.builder - Using custom data configuration plain_text-7d14fdbf55ecc00c
09/28/2026 18:32:40 - INFO - datasets.builder - Overwrite dataset info from restored data version if exists.
09/28/2026 18:32:40 - INFO - datasets.info - Loading Dataset info from /mnt/netapp2/Store_uni/home/ulc/cursos/curso356/hf_cache/datasets/parquet/plain_text-7d14fdbf55ecc00c/0.0.0/14a00e99c0d15a23649d0db8944380ac81082d4b021f398733dd84f3a6c569a7
09/28/2026 18:32:40 - WARNING - datasets.builder - Found cached dataset parquet (/mnt/netapp2/Store_uni/home/ulc/cursos/curso356/hf_cache/datasets/parquet/plain_text-7d14fdbf55ecc00c/0.0.0/14a00e99c0d15a23649d0db8944380ac81082d4b021f398733dd84f3a6c569a7)
09/28/2026 18:32:40 - INFO - datasets.info - Loading Dataset info from /mnt/netapp2/Store_uni/home/ulc/cursos/curso356/hf_cache/datasets/parquet/plain_text-7d14fdbf55ecc00c/0.0.0/14a00e99c0d15a23649d0db8944380ac81082d4b021f398733dd84f3a6c569a7
  0%|          | 0/2 [00:00<?, ?it/s] 50%|█████     | 1/2 [00:00<00:00,  1.39it/s]100%|██████████| 2/2 [00:00<00:00,  2.78it/s]100%|██████████| 2/2 [00:00<00:00,  2.42it/s]
[INFO|configuration_utils.py:669] 2026-09-28 18:32:41,555 >> loading configuration file config.json from cache at /mnt/netapp2/Store_uni//home/ulc/cursos/curso356/hf_cache/hub/models--bert-base-uncased/snapshots/86b5e0934494bd15c9632b12f734a8a67f723594/config.json
[INFO|configuration_utils.py:725] 2026-09-28 18:32:41,593 >> Model config BertConfig {
  "_name_or_path": "bert-base-uncased",
  "architectures": [
    "BertForMaskedLM"
  ],
  "attention_probs_dropout_prob": 0.1,
  "classifier_dropout": null,
  "gradient_checkpointing": false,
  "hidden_act": "gelu",
  "hidden_dropout_prob": 0.1,
  "hidden_size": 768,
  "initializer_range": 0.02,
  "intermediate_size": 3072,
  "layer_norm_eps": 1e-12,
  "max_position_embeddings": 512,
  "model_type": "bert",
  "num_attention_heads": 12,
  "num_hidden_layers": 12,
  "pad_token_id": 0,
  "position_embedding_type": "absolute",
  "transformers_version": "4.30.2",
  "type_vocab_size": 2,
  "use_cache": true,
  "vocab_size": 30522
}

[INFO|configuration_utils.py:669] 2026-09-28 18:32:41,741 >> loading configuration file config.json from cache at /mnt/netapp2/Store_uni//home/ulc/cursos/curso356/hf_cache/hub/models--bert-base-uncased/snapshots/86b5e0934494bd15c9632b12f734a8a67f723594/config.json
[INFO|configuration_utils.py:725] 2026-09-28 18:32:41,742 >> Model config BertConfig {
  "_name_or_path": "bert-base-uncased",
  "architectures": [
    "BertForMaskedLM"
  ],
  "attention_probs_dropout_prob": 0.1,
  "classifier_dropout": null,
  "gradient_checkpointing": false,
  "hidden_act": "gelu",
  "hidden_dropout_prob": 0.1,
  "hidden_size": 768,
  "initializer_range": 0.02,
  "intermediate_size": 3072,
  "layer_norm_eps": 1e-12,
  "max_position_embeddings": 512,
  "model_type": "bert",
  "num_attention_heads": 12,
  "num_hidden_layers": 12,
  "pad_token_id": 0,
  "position_embedding_type": "absolute",
  "transformers_version": "4.30.2",
  "type_vocab_size": 2,
  "use_cache": true,
  "vocab_size": 30522
}

[INFO|tokenization_utils_base.py:1823] 2026-09-28 18:32:41,749 >> loading file vocab.txt from cache at /mnt/netapp2/Store_uni//home/ulc/cursos/curso356/hf_cache/hub/models--bert-base-uncased/snapshots/86b5e0934494bd15c9632b12f734a8a67f723594/vocab.txt
[INFO|tokenization_utils_base.py:1823] 2026-09-28 18:32:41,749 >> loading file tokenizer.json from cache at /mnt/netapp2/Store_uni//home/ulc/cursos/curso356/hf_cache/hub/models--bert-base-uncased/snapshots/86b5e0934494bd15c9632b12f734a8a67f723594/tokenizer.json
[INFO|tokenization_utils_base.py:1823] 2026-09-28 18:32:41,749 >> loading file added_tokens.json from cache at None
[INFO|tokenization_utils_base.py:1823] 2026-09-28 18:32:41,749 >> loading file special_tokens_map.json from cache at None
[INFO|tokenization_utils_base.py:1823] 2026-09-28 18:32:41,749 >> loading file tokenizer_config.json from cache at /mnt/netapp2/Store_uni//home/ulc/cursos/curso356/hf_cache/hub/models--bert-base-uncased/snapshots/86b5e0934494bd15c9632b12f734a8a67f723594/tokenizer_config.json
[INFO|configuration_utils.py:669] 2026-09-28 18:32:41,750 >> loading configuration file config.json from cache at /mnt/netapp2/Store_uni//home/ulc/cursos/curso356/hf_cache/hub/models--bert-base-uncased/snapshots/86b5e0934494bd15c9632b12f734a8a67f723594/config.json
[INFO|configuration_utils.py:725] 2026-09-28 18:32:41,750 >> Model config BertConfig {
  "_name_or_path": "bert-base-uncased",
  "architectures": [
    "BertForMaskedLM"
  ],
  "attention_probs_dropout_prob": 0.1,
  "classifier_dropout": null,
  "gradient_checkpointing": false,
  "hidden_act": "gelu",
  "hidden_dropout_prob": 0.1,
  "hidden_size": 768,
  "initializer_range": 0.02,
  "intermediate_size": 3072,
  "layer_norm_eps": 1e-12,
  "max_position_embeddings": 512,
  "model_type": "bert",
  "num_attention_heads": 12,
  "num_hidden_layers": 12,
  "pad_token_id": 0,
  "position_embedding_type": "absolute",
  "transformers_version": "4.30.2",
  "type_vocab_size": 2,
  "use_cache": true,
  "vocab_size": 30522
}

[INFO|modeling_utils.py:2578] 2026-09-28 18:32:42,061 >> loading weights file model.safetensors from cache at /mnt/netapp2/Store_uni//home/ulc/cursos/curso356/hf_cache/hub/models--bert-base-uncased/snapshots/86b5e0934494bd15c9632b12f734a8a67f723594/model.safetensors
[WARNING|modeling_utils.py:3286] 2026-09-28 18:32:45,750 >> Some weights of the model checkpoint at bert-base-uncased were not used when initializing BertForQuestionAnswering: ['cls.predictions.transform.dense.bias', 'cls.predictions.transform.LayerNorm.weight', 'cls.seq_relationship.bias', 'cls.predictions.transform.LayerNorm.bias', 'cls.seq_relationship.weight', 'cls.predictions.transform.dense.weight', 'cls.predictions.bias']
- This IS expected if you are initializing BertForQuestionAnswering from the checkpoint of a model trained on another task or with another architecture (e.g. initializing a BertForSequenceClassification model from a BertForPreTraining model).
- This IS NOT expected if you are initializing BertForQuestionAnswering from the checkpoint of a model that you expect to be exactly identical (initializing a BertForSequenceClassification model from a BertForSequenceClassification model).
[WARNING|modeling_utils.py:3298] 2026-09-28 18:32:45,750 >> Some weights of BertForQuestionAnswering were not initialized from the model checkpoint at bert-base-uncased and are newly initialized: ['qa_outputs.weight', 'qa_outputs.bias']
You should probably TRAIN this model on a down-stream task to be able to use it for predictions and inference.
09/28/2026 18:32:46 - WARNING - datasets.arrow_dataset - Loading cached processed dataset at /mnt/netapp2/Store_uni/home/ulc/cursos/curso356/hf_cache/datasets/parquet/plain_text-7d14fdbf55ecc00c/0.0.0/14a00e99c0d15a23649d0db8944380ac81082d4b021f398733dd84f3a6c569a7/cache-d6f7457d7c3bc6e4.arrow
09/28/2026 18:32:46 - WARNING - datasets.arrow_dataset - Loading cached processed dataset at /mnt/netapp2/Store_uni/home/ulc/cursos/curso356/hf_cache/datasets/parquet/plain_text-7d14fdbf55ecc00c/0.0.0/14a00e99c0d15a23649d0db8944380ac81082d4b021f398733dd84f3a6c569a7/cache-13002f9e9e1894ba.arrow
/mnt/netapp2/Store_uni/home/ulc/cursos/curso356/myvenv/lib/python3.7/site-packages/transformers/optimization.py:415: FutureWarning: This implementation of AdamW is deprecated and will be removed in a future version. Use the PyTorch implementation torch.optim.AdamW instead, or set `no_deprecation_warning=True` to disable this warning
  FutureWarning,
[INFO|trainer.py:1786] 2026-09-28 18:33:13,669 >> ***** Running training *****
[INFO|trainer.py:1787] 2026-09-28 18:33:13,669 >>   Num examples = 88,524
[INFO|trainer.py:1788] 2026-09-28 18:33:13,669 >>   Num Epochs = 2
[INFO|trainer.py:1789] 2026-09-28 18:33:13,669 >>   Instantaneous batch size per device = 12
[INFO|trainer.py:1790] 2026-09-28 18:33:13,669 >>   Total train batch size (w. parallel, distributed & accumulation) = 12
[INFO|trainer.py:1791] 2026-09-28 18:33:13,669 >>   Gradient Accumulation steps = 1
[INFO|trainer.py:1792] 2026-09-28 18:33:13,669 >>   Total optimization steps = 14,754
[INFO|trainer.py:1793] 2026-09-28 18:33:13,669 >>   Number of trainable parameters = 108,893,186
